Лабораторна робота №6. Масиви
Коломійцев В.О. , гр. КН-922Б 

Завдання №13: Визначити кількість "щасливих" квитків з 4-розрядними числами (до 9999) та записати їх у масив. 

Основна частина:

-------------------------------------------------------------------

#include <stdio.h>

int main()
{   
    //Масив А в який записуватимемо щасливі квитки.
    //Змінна a – це номер квитка.
    //Задаємо змінні sum1 і sum2 в яких буде зберігатися суми першої і другої пари чисел. 
    //Змінні n1, n2, n3, n4 зберігатимуть по одному числу з номера квитка. 
    //Змінна n – це кількість щасливих квитків.
    int A[9999],a,sum1,sum2,n1,n2,n3,n4,n,i;
    a = 1000;
    n = 0;
    
    //Цикл перевіряє всі квитки від a до 9999
    while( a <= 9999)
    {
        
        //Розбиваємо номер квитка на 4 числа
        n1 = a/1000;
        n2 = (a/100)%10;
        n3 = (a/10)%10;
        n4 = a%10;
        
        //Дізнаємось суму першої пари чисел і другої
        sum1 = n1 + n2;
        sum2 = n3 + n4;
        
        //Якщо сума першої пари дорівнює сумі другої, то записуємо цей квиток у масив і додаємо 1 до кількості щасливих квитків(n).
        if(sum1 == sum2)
        {
          A[n] = a;
          n++;
        }
        
        a++;
    }
     
    return 0;
}

- Дослідження результатів роботи програми:
   
-> 38       return 0;
   39       
   40   }
(lldb) p n
(int) $0 = 615
(lldb) p A
(int[9999]) $1 = {
  [0] = 1001
  [1] = 1010
  [2] = 1102
  [3] = 1111
  [4] = 1120
  [5] = 1203
  [6] = 1212
  [7] = 1221
  [8] = 1230
  [9] = 1304
  [10] = 1313
  [11] = 1322
  [12] = 1331
  [13] = 1340
  [14] = 1405
  [15] = 1414
  [16] = 1423
  [17] = 1432
  [18] = 1441
  [19] = 1450
  [20] = 1506
  [21] = 1515
  [22] = 1524
  [23] = 1533
  [24] = 1542
  ...
}
  

----------------------(lldb)---------------------------------------------

- Для підтвердження коректності роботи програми, зупинено відлагодник на строці зі змінною "n = 0;" та введемо команду "p a = 5000". 
Після вводимо команду "c" і на рядку з "return 0;" вводимо команду "p n" і "p A" та отримуємо наступне:

   10       int A[9999],a,sum1,sum2,n1,n2,n3,n4,n,i;
   11       a = 1000;
-> 12       n = 0;
   13       
   14       //Цикл перевіряє всі квитки від a до 9999
   15       while( a <= 9999)
(lldb) a = 5000
error: 'apropos' must be called with exactly one argument.
(lldb) p a = 5000
(int) $2 = 5000
(lldb) c
Process 3569 resuming
Process 3569 stopped
* thread #1, name = 'main.bin', stop reason = breakpoint 1.1
    frame #0: 0x0000555555555233 main.bin`main at main.c:38:5
   35           a++;
   36       }
   37        
-> 38       return 0;
   39       
   40   }
(lldb) p n
(int) $3 = 335
(lldb) p A
(int[9999]) $4 = {
  [0] = 5005
  [1] = 5014
  [2] = 5023
  [3] = 5032
  [4] = 5041
  [5] = 5050
  [6] = 5106
  [7] = 5115
  [8] = 5124
  [9] = 5133
  [10] = 5142
  [11] = 5151
  [12] = 5160
  [13] = 5207
  [14] = 5216
  [15] = 5225
  [16] = 5234
  [17] = 5243
  [18] = 5252
  [19] = 5261
  [20] = 5270
  [21] = 5308
  [22] = 5317
  [23] = 5326
  [24] = 5335
  ...
}

---------------------------------------------------------------------------- 

Структура проекту лабораторної роботи:
   
├── lab06
│   ├── doc
│   │   └── lab06.txt
│   ├── Makefile
│   ├── README.md
│   └── src
│       └── main.c

Висновки: при виконанні лабораторної роботи було набуто практичних навичок створення масивів у програмах мовою С.
